COMMAND: ['/usr/bin/python3', '/Users/inva/umbra-scratch/tracer/umbra_tracer.py', '--timeout', '25', '/Users/inva/umbra-scratch/fixtures/umbra-test-child', 'exec-write', '/tmp/umbra-gate2-v2-exec-write']
TWIN[hit]: /Users/inva/umbra-scratch/fixtures/umbra-test-child -> /Users/inva/Library/Caches/umbra/twins/a3a95a71817b5bd3c2c3b06cc06888a9bc679af875cc626914404012d68fdda1/umbra-test-child
BREAKPOINT: __open svc file-address=0x1804ae690 path=x0
BREAKPOINT: __open_nocancel svc file-address=0x1804ae944 path=x0
BREAKPOINT: __openat svc file-address=0x1804af5ac path=x1
BREAKPOINT: __openat_nocancel svc file-address=0x1804b3950 path=x1
BREAKPOINT: __execve svc file-address=0x1804badcc path=x0
BREAKPOINT: __posix_spawn svc file-address=0x1804b50d8 path=x1
BREAKPOINT: __fork svc file-address=0x1804b58fc path=None
BREAKPOINT: __wait4 svc file-address=0x1804b5474 path=None
BREAKPOINT: __wait4_nocancel svc file-address=0x1804ba2a4 path=None
RAW-SCAN: main executable svc sites=1
LAUNCH: /Users/inva/Library/Caches/umbra/twins/a3a95a71817b5bd3c2c3b06cc06888a9bc679af875cc626914404012d68fdda1/umbra-test-child
LAUNCHED: pid=76524
SIGNAL[suppressed]: pid=76524 signal=17
INTERCEPT: pid=76524 tid=35643954 __open
ABI[__open]: svc #0x80; b.lo 0x18c9d26b4; pacibsp ; stp x29, x30, [sp, #-0x10]!; mov x29, sp; bl 0x18c9d35d4; mov sp, x29; ldp x29, x30, [sp], #0x10
OPEN[old]: /Users/inva/Library/Caches/umbra/twins/a3a95a71817b5bd3c2c3b06cc06888a9bc679af875cc626914404012d68fdda1
OPEN[new]: /tmp/umbra-nfs-stub/Users/inva/Library/Caches/umbra/twins/a3a95a71817b5bd3c2c3b06cc06888a9bc679af875cc626914404012d68fdda1
INTERCEPT: pid=76524 tid=35643954 __open
OPEN[old]: /Users/inva/Library/Caches/umbra/twins/a3a95a71817b5bd3c2c3b06cc06888a9bc679af875cc626914404012d68fdda1
OPEN[new]: /tmp/umbra-nfs-stub/Users/inva/Library/Caches/umbra/twins/a3a95a71817b5bd3c2c3b06cc06888a9bc679af875cc626914404012d68fdda1
INTERCEPT: pid=76524 tid=35643954 __fork
ABI[__fork]: svc #0x80; b.hs 0x18c9d9924; cbz x1, 0x18c9d992c; adrp x9, 442824; add x9, x9, #0xe58; mov w0, #0x0; str w0, [x9]; mov sp, x29
FORK[entry]: pid=76524; hardware return=0x18c9d9900
INTERCEPT: pid=76524 tid=35643954 11
ABI[11]: b 0x18c9d9900; cbz x1, 0x18c9d992c; adrp x9, 442824; add x9, x9, #0xe58; mov w0, #0x0; str w0, [x9]; mov sp, x29; ldp x29, x30, [sp], #0x10
FORK[attach]: pid=76543
FORK[restored]: pid=76543; inherited sites=11
BREAKPOINT: __open svc file-address=0x1804ae690 path=x0
BREAKPOINT: __open_nocancel svc file-address=0x1804ae944 path=x0
BREAKPOINT: __openat svc file-address=0x1804af5ac path=x1
BREAKPOINT: __openat_nocancel svc file-address=0x1804b3950 path=x1
BREAKPOINT: __execve svc file-address=0x1804badcc path=x0
BREAKPOINT: __posix_spawn svc file-address=0x1804b50d8 path=x1
BREAKPOINT: __fork svc file-address=0x1804b58fc path=None
BREAKPOINT: __wait4 svc file-address=0x1804b5474 path=None
BREAKPOINT: __wait4_nocancel svc file-address=0x1804ba2a4 path=None
RAW-SCAN: main executable svc sites=1
FORK[attached]: pid=76543; pending initial debugger stop
SIGNAL[suppressed]: pid=76543 signal=17
INTERCEPT: pid=76524 tid=35643954 __wait4
ABI[__wait4]: svc #0x80; b.lo 0x18c9d9498; pacibsp ; stp x29, x30, [sp, #-0x10]!; mov x29, sp; bl 0x18c9d35d4; mov sp, x29; ldp x29, x30, [sp], #0x10
WAIT[deferred]: pid=76524 child=76543
INTERCEPT: pid=76543 tid=35644009 __execve
ABI[__execve]: svc #0x80; b.lo 0x18c9dedf0; pacibsp ; stp x29, x30, [sp, #-0x10]!; mov x29, sp; bl 0x18c9d25f4; mov sp, x29; ldp x29, x30, [sp], #0x10
TWIN[hit]: /Users/inva/Library/Caches/umbra/twins/a3a95a71817b5bd3c2c3b06cc06888a9bc679af875cc626914404012d68fdda1/umbra-test-child -> /Users/inva/Library/Caches/umbra/twins/a5f6a32e4dbad4ab758ffd6f77795224e3a35acb877c56d62ccd6e3b69893db8/umbra-test-child
EXEC[rewrite]: /Users/inva/Library/Caches/umbra/twins/a3a95a71817b5bd3c2c3b06cc06888a9bc679af875cc626914404012d68fdda1/umbra-test-child -> /Users/inva/Library/Caches/umbra/twins/a5f6a32e4dbad4ab758ffd6f77795224e3a35acb877c56d62ccd6e3b69893db8/umbra-test-child
RAW-SCAN: main executable svc sites=1
EXEC[stop]: pid=76543
INTERCEPT: pid=76543 tid=35644064 __open
ABI[__open]: svc #0x80; b.lo 0x18c9d26b4; pacibsp ; stp x29, x30, [sp, #-0x10]!; mov x29, sp; bl 0x18c9d35d4; mov sp, x29; ldp x29, x30, [sp], #0x10
OPEN[old]: /Users/inva/Library/Caches/umbra/twins/a5f6a32e4dbad4ab758ffd6f77795224e3a35acb877c56d62ccd6e3b69893db8
OPEN[new]: /tmp/umbra-nfs-stub/Users/inva/Library/Caches/umbra/twins/a5f6a32e4dbad4ab758ffd6f77795224e3a35acb877c56d62ccd6e3b69893db8
INTERCEPT: pid=76543 tid=35644064 __open
OPEN[old]: /Users/inva/Library/Caches/umbra/twins/a5f6a32e4dbad4ab758ffd6f77795224e3a35acb877c56d62ccd6e3b69893db8
OPEN[new]: /tmp/umbra-nfs-stub/Users/inva/Library/Caches/umbra/twins/a5f6a32e4dbad4ab758ffd6f77795224e3a35acb877c56d62ccd6e3b69893db8
INTERCEPT: pid=76543 tid=35644064 __open
OPEN[old]: /tmp/umbra-gate2-v2-exec-write
OPEN[new]: /tmp/umbra-nfs-stub/tmp/umbra-gate2-v2-exec-write
EXIT: pid=76543 status=0 
WAIT[ready]: pid=76524
INTERCEPT: pid=76524 tid=35643954 12
ABI[12]: b.lo 0x18c9d9498; pacibsp ; stp x29, x30, [sp, #-0x10]!; mov x29, sp; bl 0x18c9d35d4; mov sp, x29; ldp x29, x30, [sp], #0x10; retab 
exec-write: child exit=0
EXIT: pid=76524 status=0 
SUMMARY: opens=5 exec_rewrites=1 fork_entries=1 spawn_entries=0
