COMMAND: ['/usr/bin/python3', '/Users/inva/umbra-scratch/tracer/umbra_tracer.py', '--timeout', '25', '/Users/inva/umbra-scratch/fixtures/umbra-test-child', 'posix-spawn-write', '/tmp/umbra-gate2-v2-posix-spawn-write']
TWIN[hit]: /Users/inva/umbra-scratch/fixtures/umbra-test-child -> /Users/inva/Library/Caches/umbra/twins/a3a95a71817b5bd3c2c3b06cc06888a9bc679af875cc626914404012d68fdda1/umbra-test-child
BREAKPOINT: __open svc file-address=0x1804ae690 path=x0
BREAKPOINT: __open_nocancel svc file-address=0x1804ae944 path=x0
BREAKPOINT: __openat svc file-address=0x1804af5ac path=x1
BREAKPOINT: __openat_nocancel svc file-address=0x1804b3950 path=x1
BREAKPOINT: __execve svc file-address=0x1804badcc path=x0
BREAKPOINT: __posix_spawn svc file-address=0x1804b50d8 path=x1
BREAKPOINT: __fork svc file-address=0x1804b58fc path=None
BREAKPOINT: __wait4 svc file-address=0x1804b5474 path=None
BREAKPOINT: __wait4_nocancel svc file-address=0x1804ba2a4 path=None
RAW-SCAN: main executable svc sites=1
LAUNCH: /Users/inva/Library/Caches/umbra/twins/a3a95a71817b5bd3c2c3b06cc06888a9bc679af875cc626914404012d68fdda1/umbra-test-child
LAUNCHED: pid=76388
SIGNAL[suppressed]: pid=76388 signal=17
INTERCEPT: pid=76388 tid=35643612 __open
ABI[__open]: svc #0x80; b.lo 0x18c9d26b4; pacibsp ; stp x29, x30, [sp, #-0x10]!; mov x29, sp; bl 0x18c9d35d4; mov sp, x29; ldp x29, x30, [sp], #0x10
OPEN[old]: /Users/inva/Library/Caches/umbra/twins/a3a95a71817b5bd3c2c3b06cc06888a9bc679af875cc626914404012d68fdda1
OPEN[new]: /tmp/umbra-nfs-stub/Users/inva/Library/Caches/umbra/twins/a3a95a71817b5bd3c2c3b06cc06888a9bc679af875cc626914404012d68fdda1
INTERCEPT: pid=76388 tid=35643612 __open
OPEN[old]: /Users/inva/Library/Caches/umbra/twins/a3a95a71817b5bd3c2c3b06cc06888a9bc679af875cc626914404012d68fdda1
OPEN[new]: /tmp/umbra-nfs-stub/Users/inva/Library/Caches/umbra/twins/a3a95a71817b5bd3c2c3b06cc06888a9bc679af875cc626914404012d68fdda1
INTERCEPT: pid=76388 tid=35643612 __posix_spawn
ABI[__posix_spawn]: svc #0x80; b.lo 0x18c9d90fc; pacibsp ; stp x29, x30, [sp, #-0x10]!; mov x29, sp; bl 0x18c9d35d4; mov sp, x29; ldp x29, x30, [sp], #0x10
TWIN[hit]: /Users/inva/Library/Caches/umbra/twins/a3a95a71817b5bd3c2c3b06cc06888a9bc679af875cc626914404012d68fdda1/umbra-test-child -> /Users/inva/Library/Caches/umbra/twins/a5f6a32e4dbad4ab758ffd6f77795224e3a35acb877c56d62ccd6e3b69893db8/umbra-test-child
SPAWN[rewrite]: /Users/inva/Library/Caches/umbra/twins/a3a95a71817b5bd3c2c3b06cc06888a9bc679af875cc626914404012d68fdda1/umbra-test-child -> /Users/inva/Library/Caches/umbra/twins/a5f6a32e4dbad4ab758ffd6f77795224e3a35acb877c56d62ccd6e3b69893db8/umbra-test-child
SPAWN[suspended-request]: POSIX_SPAWN_START_SUSPENDED; awaiting syscall return
INTERCEPT: pid=76388 tid=35643612 11
ABI[11]: b.lo 0x18c9d90fc; pacibsp ; stp x29, x30, [sp, #-0x10]!; mov x29, sp; bl 0x18c9d35d4; mov sp, x29; ldp x29, x30, [sp], #0x10; retab 
SPAWN[attach]: suspended pid=76403
SPAWN[attach]: pid=76403
BREAKPOINT: __open svc file-address=0x1804ae690 path=x0
BREAKPOINT: __open_nocancel svc file-address=0x1804ae944 path=x0
BREAKPOINT: __openat svc file-address=0x1804af5ac path=x1
BREAKPOINT: __openat_nocancel svc file-address=0x1804b3950 path=x1
BREAKPOINT: __execve svc file-address=0x1804badcc path=x0
BREAKPOINT: __posix_spawn svc file-address=0x1804b50d8 path=x1
BREAKPOINT: __fork svc file-address=0x1804b58fc path=None
BREAKPOINT: __wait4 svc file-address=0x1804b5474 path=None
BREAKPOINT: __wait4_nocancel svc file-address=0x1804ba2a4 path=None
RAW-SCAN: main executable svc sites=1
SPAWN[attached]: pid=76403; pending initial debugger stop
SIGNAL[suppressed]: pid=76403 signal=17
INTERCEPT: pid=76388 tid=35643612 __wait4
ABI[__wait4]: svc #0x80; b.lo 0x18c9d9498; pacibsp ; stp x29, x30, [sp, #-0x10]!; mov x29, sp; bl 0x18c9d35d4; mov sp, x29; ldp x29, x30, [sp], #0x10
WAIT[deferred]: pid=76388 child=76403
INTERCEPT: pid=76403 tid=35643658 __open
ABI[__open]: svc #0x80; b.lo 0x18c9d26b4; pacibsp ; stp x29, x30, [sp, #-0x10]!; mov x29, sp; bl 0x18c9d35d4; mov sp, x29; ldp x29, x30, [sp], #0x10
OPEN[old]: /Users/inva/Library/Caches/umbra/twins/a5f6a32e4dbad4ab758ffd6f77795224e3a35acb877c56d62ccd6e3b69893db8
OPEN[new]: /tmp/umbra-nfs-stub/Users/inva/Library/Caches/umbra/twins/a5f6a32e4dbad4ab758ffd6f77795224e3a35acb877c56d62ccd6e3b69893db8
INTERCEPT: pid=76403 tid=35643658 __open
OPEN[old]: /Users/inva/Library/Caches/umbra/twins/a5f6a32e4dbad4ab758ffd6f77795224e3a35acb877c56d62ccd6e3b69893db8
OPEN[new]: /tmp/umbra-nfs-stub/Users/inva/Library/Caches/umbra/twins/a5f6a32e4dbad4ab758ffd6f77795224e3a35acb877c56d62ccd6e3b69893db8
INTERCEPT: pid=76403 tid=35643658 __open
OPEN[old]: /tmp/umbra-gate2-v2-posix-spawn-write
OPEN[new]: /tmp/umbra-nfs-stub/tmp/umbra-gate2-v2-posix-spawn-write
EXIT: pid=76403 status=0 
WAIT[ready]: pid=76388
INTERCEPT: pid=76388 tid=35643612 12
ABI[12]: b.lo 0x18c9d9498; pacibsp ; stp x29, x30, [sp, #-0x10]!; mov x29, sp; bl 0x18c9d35d4; mov sp, x29; ldp x29, x30, [sp], #0x10; retab 
posix-spawn-write: child exit=0
EXIT: pid=76388 status=0 
SUMMARY: opens=5 exec_rewrites=1 fork_entries=0 spawn_entries=1
